[Licensing::Module] Trying to connect to existing licensing client channel...
[Licensing::IpcConnector] Channel LicenseClient-88698 doesn't exist
[Licensing::Module] Successfully launched the LicensingClient (PId: 37436)
[Licensing::IpcConnector] Successfully connected to: "LicenseClient-88698" at "2026-06-03T08:31:37.5053901Z"
[Licensing::Client] Code 10 while verifying Licensing Client signature (process Id: 37436, path: "C:/Program Files/Unity/Hub/Editor/2022.3.62f1/Editor/Data/Resources/Licensing/Client/Unity.Licensing.Client.exe")
[Licensing::Module] LicensingClient has failed validation; ignoring
[Licensing::Client] Handshaking with LicensingClient:
  Version:                 1.16.2+bdef8f5
  Session Id:              b54c7af3f9fe4cb0b49efc2fedfa96bb
  Correlation Id:          ff981ab57aa7c215d1bdbf51ef6012a4
  External correlation Id: 2938025169941222418
  Machine Id:              pCMmiRtso0brO4lLz3GO5C6SJ5Y=
[Licensing::Module] Successfully connected to LicensingClient on channel: "LicenseClient-88698" (connect: 0.85s, validation: 0.05s, handshake: 0.04s)
[Licensing::IpcConnector] Successfully connected to: "LicenseClient-88698-notifications" at "2026-06-03T08:31:37.6002554Z"
[Licensing::Module] Connected to LicensingClient (PId: 37436, launch time: 0.00, total connection time: 0.95s)
[Licensing::Module] Error: Access token is unavailable; failed to update
[Licensing::Client] Error: Code 500 while processing request (status: Unable to update licenses. Errors: TimeStamp validation failed,Token not found in cache)
[Licensing::Client] Error: Code 500 while updating license in client (status: Unable to update licenses. Errors: TimeStamp validation failed,Token not found in cache)
Built from '2022.3/staging' branch; Version is '2022.3.62f1 (4af31df58517) revision 4911901'; Using compiler version '192829333'; Build Type 'Release'
OS: 'Windows 11  (10.0.26200) 64bit Core' Language: 'zh' Physical Memory: 32506 MB
[Licensing::Client] Successfully resolved entitlement details
[Licensing::Module] Serial number assigned to: "ewogICJzdWJzR3JvdXAiIDogInVuaXR5IGVkaXRvciIsCiAgIm5hbWVzcGFjZSIgOiAidW5pdHlfZWRpdG9yIiwKICAidHlwZSIgOiAiRURJVE9SIiwKICAidGFnIiA6ICJVbml0eVBlcnNvbmFsXXXX"
BatchMode: 1, IsHumanControllingUs: 0, StartBugReporterOnCrash: 0, Is64bit: 1, IsPro: 0
[Licensing::Client] Successfully resolved entitlement details

COMMAND LINE ARGUMENTS:
C:\Program Files\Unity\Hub\Editor\2022.3.62f1\Editor\Unity.exe
-batchmode
-nographics
-projectPath
.
-executeMethod
DungeonDebug.DebugPlayerCollision
-quit
-logFile
unity_debug.log
Successfully changed project path to: D:/2026 06 02
D:/2026 06 02
It looks like another Unity instance is running with this project open.

Multiple Unity instances cannot open the same project.

Project: D:/2026 06 02
Fatal Error! It looks like another Unity instance is running with this project open.

Multiple Unity instances cannot open the same project.

Project: D:/2026 06 02
Crash!!!
SymInit: Symbol-SearchPath: 'C:/Program Files/Unity/Hub/Editor/2022.3.62f1/Editor/Data/Mono;.;D:\2026 06 02;D:\2026 06 02\Library\BurstCache\JIT;C:\Program Files\Unity\Hub\Editor\2022.3.62f1\Editor;C:\WINDOWS;C:\WINDOWS\system32;', symOptions: 534, UserName: '88698'
OS-Version: 10.0.0
C:\Program Files\Unity\Hub\Editor\2022.3.62f1\Editor\Unity.exe:Unity.exe (00007FF7438D0000), size: 83107840 (result: 0), SymType: '-deferred-', PDB: '', fileVersion: 2022.3.62.62237
C:\WINDOWS\SYSTEM32\ntdll.dll:ntdll.dll (00007FFFDF700000), size: 2519040 (result: 0), SymType: '-deferred-', PDB: '', fileVersion: 10.0.26100.8328
C:\WINDOWS\System32\KERNEL32.DLL:KERNEL32.DLL (00007FFFDE9A0000), size: 823296 (result: 0), SymType: '-deferred-', PDB: '', fileVersion: 10.0.26100.8328
C:\WINDOWS\System32\KERNELBASE.dll:KERNELBASE.dll (00007FFFDC310000), size: 4157440 (result: 0), SymType: '-deferred-', PDB: '', fileVersion: 10.0.26100.8457
C:\WINDOWS\System32\CRYPT32.dll:CRYPT32.dll (00007FFFDC710000), size: 1540096 (result: 0), SymType: '-deferred-', PDB: '', fileVersion: 10.0.26100.8328
C:\WINDOWS\System32\ucrtbase.dll:ucrtbase.dll (00007FFFDD130000), size: 1355776 (result: 0), SymType: '-deferred-', PDB: '', fileVersion: 10.0.26100.8328
C:\WINDOWS\System32\USER32.dll:USER32.dll (00007FFFDD480000), size: 1859584 (result: 0), SymType: '-deferred-', PDB: '', fileVersion: 10.0.26100.8457
C:\WINDOWS\System32\win32u.dll:win32u.dll (00007FFFDD100000), size: 159744 (result: 0), SymType: '-deferred-', PDB: '', fileVersion: 10.0.26100.8457
C:\Program Files\Unity\Hub\Editor\2022.3.62f1\Editor\s3tcompress.dll:s3tcompress.dll (00007FFFBE0C0000), size: 180224 (result: 0), SymType: '-deferred-', PDB: ''
C:\WINDOWS\System32\GDI32.dll:GDI32.dll (00007FFFDDD60000), size: 176128 (result: 0), SymType: '-deferred-', PDB: '', fileVersion: 10.0.26100.8328
C:\Program Files\Unity\Hub\Editor\2022.3.62f1\Editor\ispc_texcomp.dll:ispc_texcomp.dll (00007FFF71A10000), size: 1826816 (result: 0), SymType: '-deferred-', PDB: ''
C:\WINDOWS\System32\gdi32full.dll:gdi32full.dll (00007FFFDC1E0000), size: 1228800 (result: 0), SymType: '-deferred-', PDB: '', fileVersion: 10.0.26100.8457
C:\Program Files\Unity\Hub\Editor\2022.3.62f1\Editor\libfbxsdk.dll:libfbxsdk.dll (00007FFEF9E70000), size: 8019968 (result: 0), SymType: '-deferred-', PDB: '', fileVersion: 2020.3.7.0
C:\Program Files\Unity\Hub\Editor\2022.3.62f1\Editor\etccompress.dll:etccompress.dll (00007FFF59310000), size: 5070848 (result: 0), SymType: '-deferred-', PDB: ''
C:\WINDOWS\System32\msvcp_win.dll:msvcp_win.dll (00007FFFDC130000), size: 667648 (result: 0), SymType: '-deferred-', PDB: '', fileVersion: 10.0.26100.8328
C:\WINDOWS\System32\ADVAPI32.dll:ADVAPI32.dll (00007FFFDDB00000), size: 745472 (result: 0), SymType: '-deferred-', PDB: '', fileVersion: 10.0.26100.8328
C:\Program Files\Unity\Hub\Editor\2022.3.62f1\Editor\compress_bc7e.dll:compress_bc7e.dll (00007FFFAF810000), size: 1433600 (result: 0), SymType: '-deferred-', PDB: ''
C:\Program Files\Unity\Hub\Editor\2022.3.62f1\Editor\FreeImage.dll:FreeImage.dll (0000000180000000), size: 5783552 (result: 0), SymType: '-deferred-', PDB: '', fileVersion: 3.18.0.0
C:\WINDOWS\System32\SHELL32.dll:SHELL32.dll (00007FFFDDE90000), size: 7790592 (result: 0), SymType: '-deferred-', PDB: '', fileVersion: 10.0.26100.8457
C:\WINDOWS\System32\WS2_32.dll:WS2_32.dll (00007FFFDF1E0000), size: 524288 (result: 0), SymType: '-deferred-', PDB: '', fileVersion: 10.0.26100.8328
C:\WINDOWS\System32\msvcrt.dll:msvcrt.dll (00007FFFDE650000), size: 692224 (result: 0), SymType: '-deferred-', PDB: '', fileVersion: 7.0.26100.8246
C:\Program Files\Unity\Hub\Editor\2022.3.62f1\Editor\WinPixEventRuntime.dll:WinPixEventRuntime.dll (00007FFFC5900000), size: 45056 (result: 0), SymType: '-deferred-', PDB: '', fileVersion: 1.0.1812.6001
C:\WINDOWS\System32\RPCRT4.dll:RPCRT4.dll (00007FFFDEFD0000), size: 1146880 (result: 0), SymType: '-deferred-', PDB: '', fileVersion: 10.0.26100.8328
C:\WINDOWS\System32\sechost.dll:sechost.dll (00007FFFDD9F0000), size: 684032 (result: 0), SymType: '-deferred-', PDB: '', fileVersion: 10.0.26100.8328
C:\WINDOWS\System32\SHLWAPI.dll:SHLWAPI.dll (00007FFFDF0F0000), size: 417792 (result: 0), SymType: '-deferred-', PDB: '', fileVersion: 10.0.26100.8457
C:\WINDOWS\System32\Windows.Storage.dll:Windows.Storage.dll (00007FFFDC890000), size: 8830976 (result: 0), SymType: '-deferred-', PDB: '', fileVersion: 10.0.26100.8457
C:\Program Files\Unity\Hub\Editor\2022.3.62f1\Editor\umbraoptimizer64.dll:umbraoptimizer64.dll (00007FFFA85B0000), size: 1187840 (result: 0), SymType: '-deferred-', PDB: ''
C:\WINDOWS\System32\combase.dll:combase.dll (00007FFFDD650000), size: 3682304 (result: 0), SymType: '-deferred-', PDB: '', fileVersion: 10.0.26100.8328
C:\WINDOWS\System32\ole32.dll:ole32.dll (00007FFFDDBC0000), size: 1667072 (result: 0), SymType: '-deferred-', PDB: '', fileVersion: 10.0.26100.8457
C:\WINDOWS\SYSTEM32\VCRUNTIME140.dll:VCRUNTIME140.dll (00007FFFB2050000), size: 122880 (result: 0), SymType: '-deferred-', PDB: '', fileVersion: 14.44.35211.0
C:\WINDOWS\SYSTEM32\MSVCP140.dll:MSVCP140.dll (00007FFFB26B0000), size: 561152 (result: 0), SymType: '-deferred-', PDB: '', fileVersion: 14.44.35211.0
C:\WINDOWS\System32\IMM32.dll:IMM32.dll (00007FFFDE610000), size: 204800 (result: 0), SymType: '-deferred-', PDB: '', fileVersion: 10.0.26100.8328
C:\WINDOWS\SYSTEM32\VCRUNTIME140_1.dll:VCRUNTIME140_1.dll (00007FFFB2100000), size: 49152 (result: 0), SymType: '-deferred-', PDB: '', fileVersion: 14.44.35211.0
C:\WINDOWS\System32\SETUPAPI.dll:SETUPAPI.dll (00007FFFDEB30000), size: 4747264 (result: 0), SymType: '-deferred-', PDB: '', fileVersion: 10.0.26100.8328
C:\WINDOWS\System32\OLEAUT32.dll:OLEAUT32.dll (00007FFFDF3F0000), size: 888832 (result: 0), SymType: '-deferred-', PDB: '', fileVersion: 10.0.26100.8328
C:\WINDOWS\SYSTEM32\OPENGL32.dll:OPENGL32.dll (00007FFFAD980000), size: 1110016 (result: 0), SymType: '-deferred-', PDB: '', fileVersion: 10.0.26100.8328
C:\WINDOWS\SYSTEM32\GLU32.dll:GLU32.dll (00007FFFAD950000), size: 184320 (result: 0), SymType: '-deferred-', PDB: '', fileVersion: 10.0.26100.1150
C:\WINDOWS\System32\WINTRUST.dll:WINTRUST.dll (00007FFFDD280000), size: 532480 (result: 0), SymType: '-deferred-', PDB: '', fileVersion: 10.0.26100.8328
C:\WINDOWS\SYSTEM32\IPHLPAPI.DLL:IPHLPAPI.DLL (00007FFFDA870000), size: 204800 (result: 0), SymType: '-deferred-', PDB: '', fileVersion: 10.0.26100.8457
C:\WINDOWS\SYSTEM32\WINHTTP.dll:WINHTTP.dll (00007FFFD5D50000), size: 1216512 (result: 0), SymType: '-deferred-', PDB: '', fileVersion: 10.0.26100.8328
C:\WINDOWS\SYSTEM32\WINMM.dll:WINMM.dll (00007FFFD0430000), size: 221184 (result: 0), SymType: '-deferred-', PDB: '', fileVersion: 10.0.26100.8457
C:\WINDOWS\SYSTEM32\bcrypt.dll:bcrypt.dll (00007FFFDC020000), size: 172032 (result: 0), SymType: '-deferred-', PDB: '', fileVersion: 10.0.26100.8246
C:\WINDOWS\SYSTEM32\HID.DLL:HID.DLL (00007FFFDA560000), size: 61440 (result: 0), SymType: '-deferred-', PDB: '', fileVersion: 10.0.26100.1150
C:\WINDOWS\SYSTEM32\dwmapi.dll:dwmapi.dll (00007FFFD9EB0000), size: 192512 (result: 0), SymType: '-deferred-', PDB: '', fileVersion: 10.0.26100.8457
C:\Program Files\Unity\Hub\Editor\2022.3.62f1\Editor\SketchUpAPI.dll:SketchUpAPI.dll (00007FFECBE90000), size: 8990720 (result: 0), SymType: '-deferred-', PDB: '', fileVersion: 23.0.0.0
C:\Program Files\Unity\Hub\Editor\2022.3.62f1\Editor\NativeProxyHelper.dll:NativeProxyHelper.dll (00007FFF59150000), size: 1789952 (result: 0), SymType: '-deferred-', PDB: ''
C:\WINDOWS\SYSTEM32\VERSION.dll:VERSION.dll (00007FFFD5C20000), size: 45056 (result: 0), SymType: '-deferred-', PDB: '', fileVersion: 10.0.26100.1150
C:\WINDOWS\SYSTEM32\WSOCK32.dll:WSOCK32.dll (00007FFFABE30000), size: 40960 (result: 0), SymType: '-deferred-', PDB: '', fileVersion: 10.0.26100.1
C:\Program Files\Unity\Hub\Editor\2022.3.62f1\Editor\SketchUpCommonPreferences.dll:SketchUpCommonPreferences.dll (00007FFFAF790000), size: 499712 (result: 0), SymType: '-deferred-', PDB: '', fileVersion: 23.0.0.0
C:\WINDOWS\SYSTEM32\dxcore.dll:dxcore.dll (00007FFFD9CD0000), size: 282624 (result: 0), SymType: '-deferred-', PDB: '', fileVersion: 10.0.26100.8328
C:\WINDOWS\SYSTEM32\Secur32.dll:Secur32.dll (00007FFFD9980000), size: 53248 (result: 0), SymType: '-deferred-', PDB: '', fileVersion: 10.0.26100.7705
C:\WINDOWS\SYSTEM32\SSPICLI.DLL:SSPICLI.DLL (00007FFFDB140000), size: 299008 (result: 0), SymType: '-deferred-', PDB: '', fileVersion: 10.0.26100.8328
C:\Program Files\Unity\Hub\Editor\2022.3.62f1\Editor\OpenRL.dll:OpenRL.dll (000001C445620000), size: 12779520 (result: 0), SymType: '-deferred-', PDB: '', fileVersion: 1.5.0.2907
C:\WINDOWS\SYSTEM32\MSVCR100.dll:MSVCR100.dll (000000005C0E0000), size: 860160 (result: 0), SymType: '-deferred-', PDB: '', fileVersion: 10.0.40219.325
C:\WINDOWS\SYSTEM32\MSVCP100.dll:MSVCP100.dll (000000005D7E0000), size: 622592 (result: 0), SymType: '-deferred-', PDB: '', fileVersion: 10.0.40219.325
C:\Program Files\Unity\Hub\Editor\2022.3.62f1\Editor\embree.dll:embree.dll (00007FFE9D5E0000), size: 16711680 (result: 0), SymType: '-deferred-', PDB: '', fileVersion: 2.14.0.0
C:\WINDOWS\SYSTEM32\cfgmgr32.DLL:cfgmgr32.DLL (00007FFFDBDC0000), size: 331776 (result: 0), SymType: '-deferred-', PDB: '', fileVersion: 10.0.26100.8115
C:\Program Files\Unity\Hub\Editor\2022.3.62f1\Editor\tbb.dll:tbb.dll (00007FFFBC840000), size: 413696 (result: 0), SymType: '-deferred-', PDB: '', fileVersion: 2017.0.2016.1004
C:\WINDOWS\SYSTEM32\MSWSOCK.DLL:MSWSOCK.DLL (00007FFFDB430000), size: 442368 (result: 0), SymType: '-deferred-', PDB: '', fileVersion: 10.0.26100.8328
C:\WINDOWS\SYSTEM32\MSVCP120.dll:MSVCP120.dll (00007FFFA8B30000), size: 679936 (result: 0), SymType: '-deferred-', PDB: '', fileVersion: 12.0.40664.0
C:\WINDOWS\SYSTEM32\MSVCR120.dll:MSVCR120.dll (00007FFF73260000), size: 978944 (result: 0), SymType: '-deferred-', PDB: '', fileVersion: 12.0.40664.0
C:\Program Files\Unity\Hub\Editor\2022.3.62f1\Editor\OpenRL_pthread.dll:OpenRL_pthread.dll (000001C446270000), size: 61440 (result: 0), SymType: '-deferred-', PDB: '', fileVersion: 2.9.0.0
C:\WINDOWS\SYSTEM32\MSASN1.dll:MSASN1.dll (00007FFFDB8B0000), size: 77824 (result: 0), SymType: '-deferred-', PDB: '', fileVersion: 10.0.26100.8246
C:\WINDOWS\System32\bcryptprimitives.dll:bcryptprimitives.dll (00007FFFDD310000), size: 688128 (result: 0), SymType: '-deferred-', PDB: '', fileVersion: 10.0.26100.8328
C:\WINDOWS\SYSTEM32\kernel.appcore.dll:kernel.appcore.dll (00007FFFDAE90000), size: 110592 (result: 0), SymType: '-deferred-', PDB: '', fileVersion: 10.0.26100.8328
C:\WINDOWS\system32\uxtheme.dll:uxtheme.dll (00007FFFD9BB0000), size: 696320 (result: 0), SymType: '-deferred-', PDB: '', fileVersion: 10.0.26100.8457
C:\WINDOWS\System32\SHCORE.dll:SHCORE.dll (00007FFFDF4F0000), size: 1007616 (result: 0), SymType: '-deferred-', PDB: '', fileVersion: 10.0.26100.8457
C:\WINDOWS\SYSTEM32\profapi.dll:profapi.dll (00007FFFDC050000), size: 167936 (result: 0), SymType: '-deferred-', PDB: '', fileVersion: 10.0.26100.8328
C:\WINDOWS\SYSTEM32\CRYPTSP.dll:CRYPTSP.dll (00007FFFDB710000), size: 110592 (result: 0), SymType: '-deferred-', PDB: '', fileVersion: 10.0.26100.8328
C:\WINDOWS\system32\rsaenh.dll:rsaenh.dll (00007FFFDADF0000), size: 233472 (result: 0), SymType: '-deferred-', PDB: '', fileVersion: 10.0.26100.7705
C:\WINDOWS\SYSTEM32\CRYPTBASE.dll:CRYPTBASE.dll (00007FFFDB730000), size: 49152 (result: 0), SymType: '-deferred-', PDB: '', fileVersion: 10.0.26100.8246
C:\WINDOWS\System32\imagehlp.dll:imagehlp.dll (00007FFFDE700000), size: 131072 (result: 0), SymType: '-deferred-', PDB: '', fileVersion: 10.0.26100.4202
C:\WINDOWS\SYSTEM32\gpapi.dll:gpapi.dll (00007FFFDB4A0000), size: 192512 (result: 0), SymType: '-deferred-', PDB: '', fileVersion: 10.0.26100.8328
C:\Windows\System32\cryptnet.dll:cryptnet.dll (00007FFFD5B10000), size: 241664 (result: 0), SymType: '-deferred-', PDB: '', fileVersion: 10.0.26100.8328
C:\WINDOWS\SYSTEM32\WINNSI.DLL:WINNSI.DLL (00007FFFD9C60000), size: 57344 (result: 0), SymType: '-deferred-', PDB: '', fileVersion: 10.0.26100.8246
C:\WINDOWS\System32\NSI.dll:NSI.dll (00007FFFDF4E0000), size: 40960 (result: 0), SymType: '-deferred-', PDB: '', fileVersion: 10.0.26100.8246
C:\WINDOWS\system32\IconCodecService.dll:IconCodecService.dll (00007FFF9F230000), size: 45056 (result: 0), SymType: '-deferred-', PDB: '', fileVersion: 10.0.26100.1
C:\WINDOWS\SYSTEM32\WindowsCodecs.dll:WindowsCodecs.dll (00007FFFD7D50000), size: 2281472 (result: 0), SymType: '-deferred-', PDB: '', fileVersion: 10.0.26100.8328
C:\WINDOWS\System32\clbcatq.dll:clbcatq.dll (00007FFFDEA70000), size: 712704 (result: 0), SymType: '-deferred-', PDB: '', fileVersion: 2001.12.10941.16384
C:\WINDOWS\System32\netprofm.dll:netprofm.dll (00007FFFD7310000), size: 450560 (result: 0), SymType: '-deferred-', PDB: '', fileVersion: 10.0.26100.8328
C:\WINDOWS\System32\npmproxy.dll:npmproxy.dll (00007FFFD0A10000), size: 102400 (result: 0), SymType: '-deferred-', PDB: '', fileVersion: 10.0.26100.8328
C:\WINDOWS\SYSTEM32\dbghelp.dll:dbghelp.dll (00007FFFC7280000), size: 2367488 (result: 0), SymType: '-deferred-', PDB: '', fileVersion: 10.0.26100.8328

========== OUTPUTTING STACK TRACE ==================

0x00007FFFDC3CFE0A (KERNELBASE) RaiseException
0x00007FF74556D2A0 (Unity) EditorMonoConsole::LogToConsoleImplementation
0x00007FF74556DC8C (Unity) EditorMonoConsole::LogToConsoleImplementation
0x00007FF746200A9F (Unity) DebugStringToFilePostprocessedStacktrace
0x00007FF7462001FA (Unity) DebugStringToFile
0x00007FF7456D96B7 (Unity) HandleProjectAlreadyOpenInAnotherInstance
0x00007FF7456DBC58 (Unity) Application::InitializeProject
0x00007FF745B58E55 (Unity) WinMain
0x00007FF746F1B22E (Unity) __scrt_common_main_seh
0x00007FFFDE9CE957 (KERNEL32) BaseThreadInitThunk
0x00007FFFDF70427C (ntdll) RtlUserThreadStart

========== END OF STACKTRACE ===========

A crash has been intercepted by the crash handler. For call stack and other details, see the latest crash report generated in:
 * C:/Users/88698/AppData/Local/Temp/Unity/Editor/Crashes
